2025/12/10 11:40:54 INFO  - jmeter.util.JMeterUtils: Setting Locale to en_US 
2025/12/10 11:40:54 INFO  - jmeter.JMeter: Loading user properties from: /usr/share/jmeter/bin/user.properties 
2025/12/10 11:40:54 INFO  - jmeter.JMeter: Loading system properties from: /usr/share/jmeter/bin/system.properties 
2025/12/10 11:40:54 INFO  - jmeter.JMeter: Copyright (c) 1998-2015 The Apache Software Foundation 
2025/12/10 11:40:54 INFO  - jmeter.JMeter: Version 2.13.19691222 
2025/12/10 11:40:54 INFO  - jmeter.JMeter: java.version=21.0.9 
2025/12/10 11:40:54 INFO  - jmeter.JMeter: java.vm.name=OpenJDK 64-Bit Server VM 
2025/12/10 11:40:54 INFO  - jmeter.JMeter: os.name=Linux 
2025/12/10 11:40:54 INFO  - jmeter.JMeter: os.arch=amd64 
2025/12/10 11:40:54 INFO  - jmeter.JMeter: os.version=6.14.0-36-generic 
2025/12/10 11:40:54 INFO  - jmeter.JMeter: file.encoding=UTF-8 
2025/12/10 11:40:54 INFO  - jmeter.JMeter: Default Locale=English (United States) 
2025/12/10 11:40:54 INFO  - jmeter.JMeter: JMeter  Locale=English (United States) 
2025/12/10 11:40:54 INFO  - jmeter.JMeter: JMeterHome=/usr/share/jmeter 
2025/12/10 11:40:54 INFO  - jmeter.JMeter: user.dir  =/home/administrator/Documents/AntigravityTest/test_antigravity 
2025/12/10 11:40:54 INFO  - jmeter.JMeter: PWD       =/home/administrator/Documents/AntigravityTest/test_antigravity 
2025/12/10 11:40:54 INFO  - jmeter.JMeter: IP: 127.0.1.1 Name: administrator-ThinkPad-E14-Gen-4 FullName: administrator-ThinkPad-E14-Gen-4 
2025/12/10 11:40:54 INFO  - jmeter.gui.action.LookAndFeelCommand: Using look and feel: javax.swing.plaf.metal.MetalLookAndFeel [Metal, CrossPlatform] 
2025/12/10 11:40:54 INFO  - jmeter.JMeter: Loaded icon properties from org/apache/jmeter/images/icon.properties 
2025/12/10 11:40:54 INFO  - jmeter.engine.util.CompoundVariable: Note: Function class names must contain the string: '.functions.' 
2025/12/10 11:40:54 INFO  - jmeter.engine.util.CompoundVariable: Note: Function class names must not contain the string: '.gui.' 
2025/12/10 11:40:55 INFO  - jmeter.util.BSFTestElement: Registering JMeter version of JavaScript engine as work-round for BSF-22 
2025/12/10 11:40:55 INFO  - jmeter.protocol.http.sampler.HTTPSamplerBase: Cannot find .className property for htmlParser, using default 
2025/12/10 11:40:55 INFO  - jmeter.protocol.http.sampler.HTTPSamplerBase: Parser for text/html is  
2025/12/10 11:40:55 INFO  - jmeter.protocol.http.sampler.HTTPSamplerBase: Parser for application/xhtml+xml is  
2025/12/10 11:40:55 INFO  - jmeter.protocol.http.sampler.HTTPSamplerBase: Parser for application/xml is  
2025/12/10 11:40:55 INFO  - jmeter.protocol.http.sampler.HTTPSamplerBase: Parser for text/xml is  
2025/12/10 11:40:55 INFO  - jmeter.protocol.http.sampler.HTTPSamplerBase: Parser for text/vnd.wap.wml is org.apache.jmeter.protocol.http.parser.RegexpHTMLParser 
2025/12/10 11:40:55 INFO  - jmeter.gui.util.MenuFactory: Skipping org.apache.jmeter.protocol.http.modifier.gui.ParamModifierGui 
2025/12/10 11:40:55 INFO  - jorphan.exec.KeyToolUtils: keytool found at 'keytool' 
2025/12/10 11:40:55 INFO  - jmeter.protocol.http.proxy.ProxyControl: HTTP(S) Test Script Recorder SSL Proxy will use keys that support embedded 3rd party resources in file /usr/share/jmeter/bin/proxyserver.jks 
2025/12/10 11:40:56 INFO  - jmeter.samplers.SampleResult: Note: Sample TimeStamps are START times 
2025/12/10 11:40:56 INFO  - jmeter.samplers.SampleResult: sampleresult.default.encoding is set to ISO-8859-1 
2025/12/10 11:40:56 INFO  - jmeter.samplers.SampleResult: sampleresult.useNanoTime=true 
2025/12/10 11:40:56 INFO  - jmeter.samplers.SampleResult: sampleresult.nanoThreadSleep=5000 
